error[E0505]: cannot move out of `mem_case` because it is borrowed
  --> tests/fail/drop_memcase.rs:18:10
   |
16 |     let mem_case = unsafe { Vec::<i32>::read_mem(cursor, buffer.len()).unwrap() };
   |         -------- binding `mem_case` declared here
17 |     let v = mem_case.uncase();
   |             -------- borrow of `mem_case` occurs here
18 |     drop(mem_case);
   |          ^^^^^^^^ move out of `mem_case` occurs here
19 |     let _vv = v;
   |               - borrow later used here
